Archive member included because of file (symbol)

/usr/lib/gcc/avr/4.8.1/../../../avr/lib/avr5/libprintf_flt.a(vfprintf_flt.o)
                              (vfprintf)
/usr/lib/gcc/avr/4.8.1/avr5/libgcc.a(_exit.o)
                              /usr/lib/gcc/avr/4.8.1/../../../avr/lib/avr5/crtm32.o (exit)
/usr/lib/gcc/avr/4.8.1/avr5/libgcc.a(_copy_data.o)
                              ./main.o (__do_copy_data)
/usr/lib/gcc/avr/4.8.1/avr5/libgcc.a(_clear_bss.o)
                              ./main.o (__do_clear_bss)
/usr/lib/gcc/avr/4.8.1/avr5/libgcc.a(_prologue.o)
                              /usr/lib/gcc/avr/4.8.1/../../../avr/lib/avr5/libprintf_flt.a(vfprintf_flt.o) (__prologue_saves__)
/usr/lib/gcc/avr/4.8.1/avr5/libgcc.a(_epilogue.o)
                              /usr/lib/gcc/avr/4.8.1/../../../avr/lib/avr5/libprintf_flt.a(vfprintf_flt.o) (__epilogue_restores__)
/usr/lib/gcc/avr/4.8.1/../../../avr/lib/avr5/libm.a(floatsisf.o)
                              ./main.o (__floatunsisf)
/usr/lib/gcc/avr/4.8.1/../../../avr/lib/avr5/libm.a(mulsf3.o)
                              ./main.o (__mulsf3)
/usr/lib/gcc/avr/4.8.1/../../../avr/lib/avr5/libm.a(mulsf3x.o)
                              /usr/lib/gcc/avr/4.8.1/../../../avr/lib/avr5/libm.a(mulsf3.o) (__mulsf3x)
/usr/lib/gcc/avr/4.8.1/../../../avr/lib/avr5/libm.a(fp_inf.o)
                              /usr/lib/gcc/avr/4.8.1/../../../avr/lib/avr5/libm.a(mulsf3x.o) (__fp_inf)
/usr/lib/gcc/avr/4.8.1/../../../avr/lib/avr5/libm.a(fp_nan.o)
                              /usr/lib/gcc/avr/4.8.1/../../../avr/lib/avr5/libm.a(mulsf3x.o) (__fp_nan)
/usr/lib/gcc/avr/4.8.1/../../../avr/lib/avr5/libm.a(fp_pscA.o)
                              /usr/lib/gcc/avr/4.8.1/../../../avr/lib/avr5/libm.a(mulsf3x.o) (__fp_pscA)
/usr/lib/gcc/avr/4.8.1/../../../avr/lib/avr5/libm.a(fp_pscB.o)
                              /usr/lib/gcc/avr/4.8.1/../../../avr/lib/avr5/libm.a(mulsf3x.o) (__fp_pscB)
/usr/lib/gcc/avr/4.8.1/../../../avr/lib/avr5/libm.a(fp_round.o)
                              /usr/lib/gcc/avr/4.8.1/../../../avr/lib/avr5/libm.a(mulsf3.o) (__fp_round)
/usr/lib/gcc/avr/4.8.1/../../../avr/lib/avr5/libm.a(fp_split3.o)
                              /usr/lib/gcc/avr/4.8.1/../../../avr/lib/avr5/libm.a(mulsf3x.o) (__fp_split3)
/usr/lib/gcc/avr/4.8.1/../../../avr/lib/avr5/libm.a(fp_zero.o)
                              /usr/lib/gcc/avr/4.8.1/../../../avr/lib/avr5/libm.a(mulsf3x.o) (__fp_szero)
/usr/lib/gcc/avr/4.8.1/../../../avr/lib/avr5/libc.a(ftoa_engine.o)
                              /usr/lib/gcc/avr/4.8.1/../../../avr/lib/avr5/libprintf_flt.a(vfprintf_flt.o) (__ftoa_engine)
/usr/lib/gcc/avr/4.8.1/../../../avr/lib/avr5/libc.a(strnlen_P.o)
                              /usr/lib/gcc/avr/4.8.1/../../../avr/lib/avr5/libprintf_flt.a(vfprintf_flt.o) (strnlen_P)
/usr/lib/gcc/avr/4.8.1/../../../avr/lib/avr5/libc.a(strnlen.o)
                              /usr/lib/gcc/avr/4.8.1/../../../avr/lib/avr5/libprintf_flt.a(vfprintf_flt.o) (strnlen)
/usr/lib/gcc/avr/4.8.1/../../../avr/lib/avr5/libc.a(fprintf.o)
                              ./main.o (fprintf)
/usr/lib/gcc/avr/4.8.1/../../../avr/lib/avr5/libc.a(fputc.o)
                              /usr/lib/gcc/avr/4.8.1/../../../avr/lib/avr5/libprintf_flt.a(vfprintf_flt.o) (fputc)
/usr/lib/gcc/avr/4.8.1/../../../avr/lib/avr5/libc.a(ultoa_invert.o)
                              /usr/lib/gcc/avr/4.8.1/../../../avr/lib/avr5/libprintf_flt.a(vfprintf_flt.o) (__ultoa_invert)

Allocating common symbols
Common symbol       size              file

liczba              0x2               ./main.o
v_in                0x4               ./main.o

Memory Configuration

Name             Origin             Length             Attributes
text             0x0000000000000000 0x0000000000020000 xr
data             0x0000000000800060 0x000000000000ffa0 rw !x
eeprom           0x0000000000810000 0x0000000000010000 rw !x
fuse             0x0000000000820000 0x0000000000000400 rw !x
lock             0x0000000000830000 0x0000000000000400 rw !x
signature        0x0000000000840000 0x0000000000000400 rw !x
user_signatures  0x0000000000850000 0x0000000000000400 rw !x
*default*        0x0000000000000000 0xffffffffffffffff

Linker script and memory map

LOAD /usr/lib/gcc/avr/4.8.1/../../../avr/lib/avr5/crtm32.o
LOAD ./lcd.o
LOAD ./main.o
LOAD ./spi.o
LOAD /usr/lib/gcc/avr/4.8.1/../../../avr/lib/avr5/libprintf_flt.a
START GROUP
LOAD /usr/lib/gcc/avr/4.8.1/avr5/libgcc.a
LOAD /usr/lib/gcc/avr/4.8.1/../../../avr/lib/avr5/libm.a
LOAD /usr/lib/gcc/avr/4.8.1/../../../avr/lib/avr5/libc.a
END GROUP

.hash
 *(.hash)

.dynsym
 *(.dynsym)

.dynstr
 *(.dynstr)

.gnu.version
 *(.gnu.version)

.gnu.version_d
 *(.gnu.version_d)

.gnu.version_r
 *(.gnu.version_r)

.rel.init
 *(.rel.init)

.rela.init
 *(.rela.init)

.rel.text
 *(.rel.text)
 *(.rel.text.*)
 *(.rel.gnu.linkonce.t*)

.rela.text
 *(.rela.text)
 *(.rela.text.*)
 *(.rela.gnu.linkonce.t*)

.rel.fini
 *(.rel.fini)

.rela.fini
 *(.rela.fini)

.rel.rodata
 *(.rel.rodata)
 *(.rel.rodata.*)
 *(.rel.gnu.linkonce.r*)

.rela.rodata
 *(.rela.rodata)
 *(.rela.rodata.*)
 *(.rela.gnu.linkonce.r*)

.rel.data
 *(.rel.data)
 *(.rel.data.*)
 *(.rel.gnu.linkonce.d*)

.rela.data
 *(.rela.data)
 *(.rela.data.*)
 *(.rela.gnu.linkonce.d*)

.rel.ctors
 *(.rel.ctors)

.rela.ctors
 *(.rela.ctors)

.rel.dtors
 *(.rel.dtors)

.rela.dtors
 *(.rela.dtors)

.rel.got
 *(.rel.got)

.rela.got
 *(.rela.got)

.rel.bss
 *(.rel.bss)

.rela.bss
 *(.rela.bss)

.rel.plt
 *(.rel.plt)

.rela.plt
 *(.rela.plt)

.text           0x0000000000000000     0x1070
 *(.vectors)
 .vectors       0x0000000000000000       0x54 /usr/lib/gcc/avr/4.8.1/../../../avr/lib/avr5/crtm32.o
                0x0000000000000000                __vectors
                0x0000000000000000                __vector_default
 *(.vectors)
 *(.progmem.gcc*)
                0x0000000000000054                . = ALIGN (0x2)
                0x0000000000000054                __trampolines_start = .
 *(.trampolines)
 .trampolines   0x0000000000000054        0x0 linker stubs
 *(.trampolines*)
                0x0000000000000054                __trampolines_end = .
 *(.progmem*)
 .progmem.data  0x0000000000000054        0x8 /usr/lib/gcc/avr/4.8.1/../../../avr/lib/avr5/libprintf_flt.a(vfprintf_flt.o)
 .progmem.data  0x000000000000005c       0xfa /usr/lib/gcc/avr/4.8.1/../../../avr/lib/avr5/libc.a(ftoa_engine.o)
                0x0000000000000156                . = ALIGN (0x2)
 *(.jumptables)
 *(.jumptables*)
 *(.lowtext)
 *(.lowtext*)
                0x0000000000000156                __ctors_start = .
 *(.ctors)
                0x0000000000000156                __ctors_end = .
                0x0000000000000156                __dtors_start = .
 *(.dtors)
                0x0000000000000156                __dtors_end = .
 SORT(*)(.ctors)
 SORT(*)(.dtors)
 *(.init0)
 .init0         0x0000000000000156        0x0 /usr/lib/gcc/avr/4.8.1/../../../avr/lib/avr5/crtm32.o
                0x0000000000000156                __init
 *(.init0)
 *(.init1)
 *(.init1)
 *(.init2)
 .init2         0x0000000000000156        0xc /usr/lib/gcc/avr/4.8.1/../../../avr/lib/avr5/crtm32.o
 *(.init2)
 *(.init3)
 *(.init3)
 *(.init4)
 .init4         0x0000000000000162       0x16 /usr/lib/gcc/avr/4.8.1/avr5/libgcc.a(_copy_data.o)
                0x0000000000000162                __do_copy_data
 .init4         0x0000000000000178       0x10 /usr/lib/gcc/avr/4.8.1/avr5/libgcc.a(_clear_bss.o)
                0x0000000000000178                __do_clear_bss
 *(.init4)
 *(.init5)
 *(.init5)
 *(.init6)
 *(.init6)
 *(.init7)
 *(.init7)
 *(.init8)
 *(.init8)
 *(.init9)
 .init9         0x0000000000000188        0x8 /usr/lib/gcc/avr/4.8.1/../../../avr/lib/avr5/crtm32.o
 *(.init9)
 *(.text)
 .text          0x0000000000000190        0x4 /usr/lib/gcc/avr/4.8.1/../../../avr/lib/avr5/crtm32.o
                0x0000000000000190                __vector_1
                0x0000000000000190                __vector_12
                0x0000000000000190                __bad_interrupt
                0x0000000000000190                __vector_6
                0x0000000000000190                __vector_3
                0x0000000000000190                __vector_11
                0x0000000000000190                __vector_13
                0x0000000000000190                __vector_17
                0x0000000000000190                __vector_19
                0x0000000000000190                __vector_7
                0x0000000000000190                __vector_5
                0x0000000000000190                __vector_4
                0x0000000000000190                __vector_9
                0x0000000000000190                __vector_2
                0x0000000000000190                __vector_15
                0x0000000000000190                __vector_8
                0x0000000000000190                __vector_14
                0x0000000000000190                __vector_10
                0x0000000000000190                __vector_16
                0x0000000000000190                __vector_18
                0x0000000000000190                __vector_20
 .text          0x0000000000000194        0x0 ./lcd.o
 .text          0x0000000000000194        0x0 ./main.o
 .text          0x0000000000000194        0x0 ./spi.o
 .text          0x0000000000000194        0x0 /usr/lib/gcc/avr/4.8.1/../../../avr/lib/avr5/libprintf_flt.a(vfprintf_flt.o)
 .text          0x0000000000000194        0x0 /usr/lib/gcc/avr/4.8.1/avr5/libgcc.a(_exit.o)
 .text          0x0000000000000194        0x0 /usr/lib/gcc/avr/4.8.1/avr5/libgcc.a(_copy_data.o)
 .text          0x0000000000000194        0x0 /usr/lib/gcc/avr/4.8.1/avr5/libgcc.a(_clear_bss.o)
 .text          0x0000000000000194        0x0 /usr/lib/gcc/avr/4.8.1/avr5/libgcc.a(_prologue.o)
 .text          0x0000000000000194        0x0 /usr/lib/gcc/avr/4.8.1/avr5/libgcc.a(_epilogue.o)
 .text          0x0000000000000194        0x0 /usr/lib/gcc/avr/4.8.1/../../../avr/lib/avr5/libm.a(floatsisf.o)
 .text          0x0000000000000194        0x0 /usr/lib/gcc/avr/4.8.1/../../../avr/lib/avr5/libm.a(mulsf3.o)
 .text          0x0000000000000194        0x0 /usr/lib/gcc/avr/4.8.1/../../../avr/lib/avr5/libm.a(mulsf3x.o)
 .text          0x0000000000000194        0x0 /usr/lib/gcc/avr/4.8.1/../../../avr/lib/avr5/libm.a(fp_inf.o)
 .text          0x0000000000000194        0x0 /usr/lib/gcc/avr/4.8.1/../../../avr/lib/avr5/libm.a(fp_nan.o)
 .text          0x0000000000000194        0x0 /usr/lib/gcc/avr/4.8.1/../../../avr/lib/avr5/libm.a(fp_pscA.o)
 .text          0x0000000000000194        0x0 /usr/lib/gcc/avr/4.8.1/../../../avr/lib/avr5/libm.a(fp_pscB.o)
 .text          0x0000000000000194        0x0 /usr/lib/gcc/avr/4.8.1/../../../avr/lib/avr5/libm.a(fp_round.o)
 .text          0x0000000000000194        0x0 /usr/lib/gcc/avr/4.8.1/../../../avr/lib/avr5/libm.a(fp_split3.o)
 .text          0x0000000000000194        0x0 /usr/lib/gcc/avr/4.8.1/../../../avr/lib/avr5/libm.a(fp_zero.o)
 .text          0x0000000000000194        0x0 /usr/lib/gcc/avr/4.8.1/../../../avr/lib/avr5/libc.a(ftoa_engine.o)
 .text          0x0000000000000194        0x0 /usr/lib/gcc/avr/4.8.1/../../../avr/lib/avr5/libc.a(strnlen_P.o)
 .text          0x0000000000000194        0x0 /usr/lib/gcc/avr/4.8.1/../../../avr/lib/avr5/libc.a(strnlen.o)
 .text          0x0000000000000194        0x0 /usr/lib/gcc/avr/4.8.1/../../../avr/lib/avr5/libc.a(fprintf.o)
 .text          0x0000000000000194        0x0 /usr/lib/gcc/avr/4.8.1/../../../avr/lib/avr5/libc.a(fputc.o)
 .text          0x0000000000000194        0x0 /usr/lib/gcc/avr/4.8.1/../../../avr/lib/avr5/libc.a(ultoa_invert.o)
                0x0000000000000194                . = ALIGN (0x2)
 *(.text.*)
 .text.lcd_write_instr
                0x0000000000000194       0x58 ./lcd.o
                0x0000000000000194                lcd_write_instr
 .text.lcdinit  0x00000000000001ec       0x64 ./lcd.o
                0x00000000000001ec                lcdinit
 .text.lcd_clear
                0x0000000000000250        0x6 ./lcd.o
                0x0000000000000250                lcd_clear
 .text.lcd_write_data
                0x0000000000000256       0x56 ./lcd.o
                0x0000000000000256                lcd_write_data
 .text.lcd_set_xy
                0x00000000000002ac        0xe ./lcd.o
                0x00000000000002ac                lcd_set_xy
 .text.lcd_write_text_xy
                0x00000000000002ba       0x4e ./lcd.o
                0x00000000000002ba                lcd_write_text_xy
 .text.lcd_putc
                0x0000000000000308        0xa ./lcd.o
                0x0000000000000308                lcd_putc
 .text.startup.main
                0x0000000000000312       0xdc ./main.o
                0x0000000000000312                main
 .text.InitSPI  0x00000000000003ee        0xe ./spi.o
                0x00000000000003ee                InitSPI
 .text.TransferSPI
                0x00000000000003fc        0xa ./spi.o
                0x00000000000003fc                TransferSPI
 .text.avr-libc
                0x0000000000000406      0x6f6 /usr/lib/gcc/avr/4.8.1/../../../avr/lib/avr5/libprintf_flt.a(vfprintf_flt.o)
                0x0000000000000406                vfprintf
 .text.libgcc.mul
                0x0000000000000afc        0x0 /usr/lib/gcc/avr/4.8.1/avr5/libgcc.a(_exit.o)
 .text.libgcc.div
                0x0000000000000afc        0x0 /usr/lib/gcc/avr/4.8.1/avr5/libgcc.a(_exit.o)
 .text.libgcc   0x0000000000000afc        0x0 /usr/lib/gcc/avr/4.8.1/avr5/libgcc.a(_exit.o)
 .text.libgcc.prologue
                0x0000000000000afc        0x0 /usr/lib/gcc/avr/4.8.1/avr5/libgcc.a(_exit.o)
 .text.libgcc.builtins
                0x0000000000000afc        0x0 /usr/lib/gcc/avr/4.8.1/avr5/libgcc.a(_exit.o)
 .text.libgcc.fmul
                0x0000000000000afc        0x0 /usr/lib/gcc/avr/4.8.1/avr5/libgcc.a(_exit.o)
 .text.libgcc.fixed
                0x0000000000000afc        0x0 /usr/lib/gcc/avr/4.8.1/avr5/libgcc.a(_exit.o)
 .text.libgcc.mul
                0x0000000000000afc        0x0 /usr/lib/gcc/avr/4.8.1/avr5/libgcc.a(_copy_data.o)
 .text.libgcc.div
                0x0000000000000afc        0x0 /usr/lib/gcc/avr/4.8.1/avr5/libgcc.a(_copy_data.o)
 .text.libgcc   0x0000000000000afc        0x0 /usr/lib/gcc/avr/4.8.1/avr5/libgcc.a(_copy_data.o)
 .text.libgcc.prologue
                0x0000000000000afc        0x0 /usr/lib/gcc/avr/4.8.1/avr5/libgcc.a(_copy_data.o)
 .text.libgcc.builtins
                0x0000000000000afc        0x0 /usr/lib/gcc/avr/4.8.1/avr5/libgcc.a(_copy_data.o)
 .text.libgcc.fmul
                0x0000000000000afc        0x0 /usr/lib/gcc/avr/4.8.1/avr5/libgcc.a(_copy_data.o)
 .text.libgcc.fixed
                0x0000000000000afc        0x0 /usr/lib/gcc/avr/4.8.1/avr5/libgcc.a(_copy_data.o)
 .text.libgcc.mul
                0x0000000000000afc        0x0 /usr/lib/gcc/avr/4.8.1/avr5/libgcc.a(_clear_bss.o)
 .text.libgcc.div
                0x0000000000000afc        0x0 /usr/lib/gcc/avr/4.8.1/avr5/libgcc.a(_clear_bss.o)
 .text.libgcc   0x0000000000000afc        0x0 /usr/lib/gcc/avr/4.8.1/avr5/libgcc.a(_clear_bss.o)
 .text.libgcc.prologue
                0x0000000000000afc        0x0 /usr/lib/gcc/avr/4.8.1/avr5/libgcc.a(_clear_bss.o)
 .text.libgcc.builtins
                0x0000000000000afc        0x0 /usr/lib/gcc/avr/4.8.1/avr5/libgcc.a(_clear_bss.o)
 .text.libgcc.fmul
                0x0000000000000afc        0x0 /usr/lib/gcc/avr/4.8.1/avr5/libgcc.a(_clear_bss.o)
 .text.libgcc.fixed
                0x0000000000000afc        0x0 /usr/lib/gcc/avr/4.8.1/avr5/libgcc.a(_clear_bss.o)
 .text.libgcc.mul
                0x0000000000000afc        0x0 /usr/lib/gcc/avr/4.8.1/avr5/libgcc.a(_prologue.o)
 .text.libgcc.div
                0x0000000000000afc        0x0 /usr/lib/gcc/avr/4.8.1/avr5/libgcc.a(_prologue.o)
 .text.libgcc   0x0000000000000afc        0x0 /usr/lib/gcc/avr/4.8.1/avr5/libgcc.a(_prologue.o)
 .text.libgcc.prologue
                0x0000000000000afc       0x38 /usr/lib/gcc/avr/4.8.1/avr5/libgcc.a(_prologue.o)
                0x0000000000000afc                __prologue_saves__
 .text.libgcc.builtins
                0x0000000000000b34        0x0 /usr/lib/gcc/avr/4.8.1/avr5/libgcc.a(_prologue.o)
 .text.libgcc.fmul
                0x0000000000000b34        0x0 /usr/lib/gcc/avr/4.8.1/avr5/libgcc.a(_prologue.o)
 .text.libgcc.fixed
                0x0000000000000b34        0x0 /usr/lib/gcc/avr/4.8.1/avr5/libgcc.a(_prologue.o)
 .text.libgcc.mul
                0x0000000000000b34        0x0 /usr/lib/gcc/avr/4.8.1/avr5/libgcc.a(_epilogue.o)
 .text.libgcc.div
                0x0000000000000b34        0x0 /usr/lib/gcc/avr/4.8.1/avr5/libgcc.a(_epilogue.o)
 .text.libgcc   0x0000000000000b34        0x0 /usr/lib/gcc/avr/4.8.1/avr5/libgcc.a(_epilogue.o)
 .text.libgcc.prologue
                0x0000000000000b34       0x36 /usr/lib/gcc/avr/4.8.1/avr5/libgcc.a(_epilogue.o)
                0x0000000000000b34                __epilogue_restores__
 .text.libgcc.builtins
                0x0000000000000b6a        0x0 /usr/lib/gcc/avr/4.8.1/avr5/libgcc.a(_epilogue.o)
 .text.libgcc.fmul
                0x0000000000000b6a        0x0 /usr/lib/gcc/avr/4.8.1/avr5/libgcc.a(_epilogue.o)
 .text.libgcc.fixed
                0x0000000000000b6a        0x0 /usr/lib/gcc/avr/4.8.1/avr5/libgcc.a(_epilogue.o)
 .text.avr-libc.fplib
                0x0000000000000b6a       0x7a /usr/lib/gcc/avr/4.8.1/../../../avr/lib/avr5/libm.a(floatsisf.o)
                0x0000000000000b6a                __floatunsisf
                0x0000000000000b6e                __floatsisf
 .text.avr-libc.fplib
                0x0000000000000be4        0x4 /usr/lib/gcc/avr/4.8.1/../../../avr/lib/avr5/libm.a(mulsf3.o)
                0x0000000000000be4                __mulsf3
 .text.avr-libc.fplib
                0x0000000000000be8       0xc2 /usr/lib/gcc/avr/4.8.1/../../../avr/lib/avr5/libm.a(mulsf3x.o)
                0x0000000000000bfc                __mulsf3x
                0x0000000000000c00                __mulsf3_pse
 .text.avr-libc.fplib
                0x0000000000000caa        0xc /usr/lib/gcc/avr/4.8.1/../../../avr/lib/avr5/libm.a(fp_inf.o)
                0x0000000000000caa                __fp_inf
 .text.avr-libc.fplib
                0x0000000000000cb6        0x6 /usr/lib/gcc/avr/4.8.1/../../../avr/lib/avr5/libm.a(fp_nan.o)
                0x0000000000000cb6                __fp_nan
 .text.avr-libc.fplib
                0x0000000000000cbc        0xe /usr/lib/gcc/avr/4.8.1/../../../avr/lib/avr5/libm.a(fp_pscA.o)
                0x0000000000000cbc                __fp_pscA
 .text.avr-libc.fplib
                0x0000000000000cca        0xe /usr/lib/gcc/avr/4.8.1/../../../avr/lib/avr5/libm.a(fp_pscB.o)
                0x0000000000000cca                __fp_pscB
 .text.avr-libc.fplib
                0x0000000000000cd8       0x22 /usr/lib/gcc/avr/4.8.1/../../../avr/lib/avr5/libm.a(fp_round.o)
                0x0000000000000cd8                __fp_round
 .text.avr-libc.fplib
                0x0000000000000cfa       0x44 /usr/lib/gcc/avr/4.8.1/../../../avr/lib/avr5/libm.a(fp_split3.o)
                0x0000000000000cfa                __fp_split3
                0x0000000000000d0a                __fp_splitA
 .text.avr-libc.fplib
                0x0000000000000d3e        0xe /usr/lib/gcc/avr/4.8.1/../../../avr/lib/avr5/libm.a(fp_zero.o)
                0x0000000000000d3e                __fp_zero
                0x0000000000000d40                __fp_szero
 .text.avr-libc
                0x0000000000000d4c      0x1b0 /usr/lib/gcc/avr/4.8.1/../../../avr/lib/avr5/libc.a(ftoa_engine.o)
                0x0000000000000d4c                __ftoa_engine
 .text.avr-libc
                0x0000000000000efc       0x16 /usr/lib/gcc/avr/4.8.1/../../../avr/lib/avr5/libc.a(strnlen_P.o)
                0x0000000000000efc                strnlen_P
 .text.avr-libc
                0x0000000000000f12       0x16 /usr/lib/gcc/avr/4.8.1/../../../avr/lib/avr5/libc.a(strnlen.o)
                0x0000000000000f12                strnlen
 .text.avr-libc
                0x0000000000000f28       0x24 /usr/lib/gcc/avr/4.8.1/../../../avr/lib/avr5/libc.a(fprintf.o)
                0x0000000000000f28                fprintf
 .text.avr-libc
                0x0000000000000f4c       0x64 /usr/lib/gcc/avr/4.8.1/../../../avr/lib/avr5/libc.a(fputc.o)
                0x0000000000000f4c                fputc
 .text.avr-libc
                0x0000000000000fb0       0xbc /usr/lib/gcc/avr/4.8.1/../../../avr/lib/avr5/libc.a(ultoa_invert.o)
                0x0000000000000fb0                __ultoa_invert
                0x000000000000106c                . = ALIGN (0x2)
 *(.fini9)
 .fini9         0x000000000000106c        0x0 /usr/lib/gcc/avr/4.8.1/avr5/libgcc.a(_exit.o)
                0x000000000000106c                exit
                0x000000000000106c                _exit
 *(.fini9)
 *(.fini8)
 *(.fini8)
 *(.fini7)
 *(.fini7)
 *(.fini6)
 *(.fini6)
 *(.fini5)
 *(.fini5)
 *(.fini4)
 *(.fini4)
 *(.fini3)
 *(.fini3)
 *(.fini2)
 *(.fini2)
 *(.fini1)
 *(.fini1)
 *(.fini0)
 .fini0         0x000000000000106c        0x4 /usr/lib/gcc/avr/4.8.1/avr5/libgcc.a(_exit.o)
 *(.fini0)
                0x0000000000001070                _etext = .

.data           0x0000000000800060       0x20 load address 0x0000000000001070
                0x0000000000800060                PROVIDE (__data_start, .)
 *(.data)
 .data          0x0000000000800060        0x0 /usr/lib/gcc/avr/4.8.1/../../../avr/lib/avr5/crtm32.o
 .data          0x0000000000800060        0x0 ./lcd.o
 .data          0x0000000000800060        0x0 ./main.o
 .data          0x0000000000800060        0x0 ./spi.o
 .data          0x0000000000800060        0x0 /usr/lib/gcc/avr/4.8.1/../../../avr/lib/avr5/libprintf_flt.a(vfprintf_flt.o)
 .data          0x0000000000800060        0x0 /usr/lib/gcc/avr/4.8.1/avr5/libgcc.a(_exit.o)
 .data          0x0000000000800060        0x0 /usr/lib/gcc/avr/4.8.1/avr5/libgcc.a(_copy_data.o)
 .data          0x0000000000800060        0x0 /usr/lib/gcc/avr/4.8.1/avr5/libgcc.a(_clear_bss.o)
 .data          0x0000000000800060        0x0 /usr/lib/gcc/avr/4.8.1/avr5/libgcc.a(_prologue.o)
 .data          0x0000000000800060        0x0 /usr/lib/gcc/avr/4.8.1/avr5/libgcc.a(_epilogue.o)
 .data          0x0000000000800060        0x0 /usr/lib/gcc/avr/4.8.1/../../../avr/lib/avr5/libm.a(floatsisf.o)
 .data          0x0000000000800060        0x0 /usr/lib/gcc/avr/4.8.1/../../../avr/lib/avr5/libm.a(mulsf3.o)
 .data          0x0000000000800060        0x0 /usr/lib/gcc/avr/4.8.1/../../../avr/lib/avr5/libm.a(mulsf3x.o)
 .data          0x0000000000800060        0x0 /usr/lib/gcc/avr/4.8.1/../../../avr/lib/avr5/libm.a(fp_inf.o)
 .data          0x0000000000800060        0x0 /usr/lib/gcc/avr/4.8.1/../../../avr/lib/avr5/libm.a(fp_nan.o)
 .data          0x0000000000800060        0x0 /usr/lib/gcc/avr/4.8.1/../../../avr/lib/avr5/libm.a(fp_pscA.o)
 .data          0x0000000000800060        0x0 /usr/lib/gcc/avr/4.8.1/../../../avr/lib/avr5/libm.a(fp_pscB.o)
 .data          0x0000000000800060        0x0 /usr/lib/gcc/avr/4.8.1/../../../avr/lib/avr5/libm.a(fp_round.o)
 .data          0x0000000000800060        0x0 /usr/lib/gcc/avr/4.8.1/../../../avr/lib/avr5/libm.a(fp_split3.o)
 .data          0x0000000000800060        0x0 /usr/lib/gcc/avr/4.8.1/../../../avr/lib/avr5/libm.a(fp_zero.o)
 .data          0x0000000000800060        0x0 /usr/lib/gcc/avr/4.8.1/../../../avr/lib/avr5/libc.a(ftoa_engine.o)
 .data          0x0000000000800060        0x0 /usr/lib/gcc/avr/4.8.1/../../../avr/lib/avr5/libc.a(strnlen_P.o)
 .data          0x0000000000800060        0x0 /usr/lib/gcc/avr/4.8.1/../../../avr/lib/avr5/libc.a(strnlen.o)
 .data          0x0000000000800060        0x0 /usr/lib/gcc/avr/4.8.1/../../../avr/lib/avr5/libc.a(fprintf.o)
 .data          0x0000000000800060        0x0 /usr/lib/gcc/avr/4.8.1/../../../avr/lib/avr5/libc.a(fputc.o)
 .data          0x0000000000800060        0x0 /usr/lib/gcc/avr/4.8.1/../../../avr/lib/avr5/libc.a(ultoa_invert.o)
 *(.data*)
 .data.lcd_stream
                0x0000000000800060        0xe ./main.o
                0x0000000000800060                lcd_stream
 *(.rodata)
 *(.rodata*)
 .rodata.str1.1
                0x000000000080006e       0x11 ./main.o
 *(.gnu.linkonce.d*)
                0x0000000000800080                . = ALIGN (0x2)
 *fill*         0x000000000080007f        0x1 
                0x0000000000800080                _edata = .
                0x0000000000800080                PROVIDE (__data_end, .)

.bss            0x0000000000800080        0x6
                0x0000000000800080                PROVIDE (__bss_start, .)
 *(.bss)
 .bss           0x0000000000800080        0x0 /usr/lib/gcc/avr/4.8.1/../../../avr/lib/avr5/crtm32.o
 .bss           0x0000000000800080        0x0 ./lcd.o
 .bss           0x0000000000800080        0x0 ./main.o
 .bss           0x0000000000800080        0x0 ./spi.o
 .bss           0x0000000000800080        0x0 /usr/lib/gcc/avr/4.8.1/../../../avr/lib/avr5/libprintf_flt.a(vfprintf_flt.o)
 .bss           0x0000000000800080        0x0 /usr/lib/gcc/avr/4.8.1/avr5/libgcc.a(_exit.o)
 .bss           0x0000000000800080        0x0 /usr/lib/gcc/avr/4.8.1/avr5/libgcc.a(_copy_data.o)
 .bss           0x0000000000800080        0x0 /usr/lib/gcc/avr/4.8.1/avr5/libgcc.a(_clear_bss.o)
 .bss           0x0000000000800080        0x0 /usr/lib/gcc/avr/4.8.1/avr5/libgcc.a(_prologue.o)
 .bss           0x0000000000800080        0x0 /usr/lib/gcc/avr/4.8.1/avr5/libgcc.a(_epilogue.o)
 .bss           0x0000000000800080        0x0 /usr/lib/gcc/avr/4.8.1/../../../avr/lib/avr5/libm.a(floatsisf.o)
 .bss           0x0000000000800080        0x0 /usr/lib/gcc/avr/4.8.1/../../../avr/lib/avr5/libm.a(mulsf3.o)
 .bss           0x0000000000800080        0x0 /usr/lib/gcc/avr/4.8.1/../../../avr/lib/avr5/libm.a(mulsf3x.o)
 .bss           0x0000000000800080        0x0 /usr/lib/gcc/avr/4.8.1/../../../avr/lib/avr5/libm.a(fp_inf.o)
 .bss           0x0000000000800080        0x0 /usr/lib/gcc/avr/4.8.1/../../../avr/lib/avr5/libm.a(fp_nan.o)
 .bss           0x0000000000800080        0x0 /usr/lib/gcc/avr/4.8.1/../../../avr/lib/avr5/libm.a(fp_pscA.o)
 .bss           0x0000000000800080        0x0 /usr/lib/gcc/avr/4.8.1/../../../avr/lib/avr5/libm.a(fp_pscB.o)
 .bss           0x0000000000800080        0x0 /usr/lib/gcc/avr/4.8.1/../../../avr/lib/avr5/libm.a(fp_round.o)
 .bss           0x0000000000800080        0x0 /usr/lib/gcc/avr/4.8.1/../../../avr/lib/avr5/libm.a(fp_split3.o)
 .bss           0x0000000000800080        0x0 /usr/lib/gcc/avr/4.8.1/../../../avr/lib/avr5/libm.a(fp_zero.o)
 .bss           0x0000000000800080        0x0 /usr/lib/gcc/avr/4.8.1/../../../avr/lib/avr5/libc.a(ftoa_engine.o)
 .bss           0x0000000000800080        0x0 /usr/lib/gcc/avr/4.8.1/../../../avr/lib/avr5/libc.a(strnlen_P.o)
 .bss           0x0000000000800080        0x0 /usr/lib/gcc/avr/4.8.1/../../../avr/lib/avr5/libc.a(strnlen.o)
 .bss           0x0000000000800080        0x0 /usr/lib/gcc/avr/4.8.1/../../../avr/lib/avr5/libc.a(fprintf.o)
 .bss           0x0000000000800080        0x0 /usr/lib/gcc/avr/4.8.1/../../../avr/lib/avr5/libc.a(fputc.o)
 .bss           0x0000000000800080        0x0 /usr/lib/gcc/avr/4.8.1/../../../avr/lib/avr5/libc.a(ultoa_invert.o)
 *(.bss*)
 *(COMMON)
 COMMON         0x0000000000800080        0x6 ./main.o
                0x0000000000800080                liczba
                0x0000000000800082                v_in
                0x0000000000800086                PROVIDE (__bss_end, .)
                0x0000000000001070                __data_load_start = LOADADDR (.data)
                0x0000000000001090                __data_load_end = (__data_load_start + SIZEOF (.data))

.noinit         0x0000000000800086        0x0
                0x0000000000800086                PROVIDE (__noinit_start, .)
 *(.noinit*)
                0x0000000000800086                PROVIDE (__noinit_end, .)
                0x0000000000800086                _end = .
                0x0000000000800086                PROVIDE (__heap_start, .)

.eeprom         0x0000000000810000        0x0
 *(.eeprom*)
                0x0000000000810000                __eeprom_end = .

.fuse
 *(.fuse)
 *(.lfuse)
 *(.hfuse)
 *(.efuse)

.lock
 *(.lock*)

.signature
 *(.signature*)

.user_signatures
 *(.user_signatures*)

.stab
 *(.stab)

.stabstr
 *(.stabstr)

.stab.excl
 *(.stab.excl)

.stab.exclstr
 *(.stab.exclstr)

.stab.index
 *(.stab.index)

.stab.indexstr
 *(.stab.indexstr)

.comment        0x0000000000000000       0x11
 *(.comment)
 .comment       0x0000000000000000       0x11 ./lcd.o
                                         0x12 (size before relaxing)
 .comment       0x0000000000000000       0x12 ./main.o
 .comment       0x0000000000000000       0x12 ./spi.o
 .comment       0x0000000000000000       0x12 /usr/lib/gcc/avr/4.8.1/../../../avr/lib/avr5/libprintf_flt.a(vfprintf_flt.o)
 .comment       0x0000000000000000       0x12 /usr/lib/gcc/avr/4.8.1/../../../avr/lib/avr5/libc.a(fprintf.o)
 .comment       0x0000000000000000       0x12 /usr/lib/gcc/avr/4.8.1/../../../avr/lib/avr5/libc.a(fputc.o)

.note.gnu.build-id
 *(.note.gnu.build-id)

.debug
 *(.debug)

.line
 *(.line)

.debug_srcinfo
 *(.debug_srcinfo)

.debug_sfnames
 *(.debug_sfnames)

.debug_aranges
 *(.debug_aranges)

.debug_pubnames
 *(.debug_pubnames)

.debug_info
 *(.debug_info .gnu.linkonce.wi.*)

.debug_abbrev
 *(.debug_abbrev)

.debug_line
 *(.debug_line .debug_line.* .debug_line_end)

.debug_frame
 *(.debug_frame)

.debug_str
 *(.debug_str)

.debug_loc
 *(.debug_loc)

.debug_macinfo
 *(.debug_macinfo)

.debug_weaknames
 *(.debug_weaknames)

.debug_funcnames
 *(.debug_funcnames)

.debug_typenames
 *(.debug_typenames)

.debug_varnames
 *(.debug_varnames)

.debug_pubtypes
 *(.debug_pubtypes)

.debug_ranges
 *(.debug_ranges)

.debug_macro
 *(.debug_macro)
OUTPUT(lab6.elf elf32-avr)
LOAD linker stubs
