Archive member included because of file (symbol)

/usr/lib/gcc/avr/4.8.1/../../../avr/lib/avr5/libprintf_flt.a(vfprintf_flt.o)
                              (vfprintf)
/usr/lib/gcc/avr/4.8.1/avr5/libgcc.a(_udivmodqi4.o)
                              ./main.o (__udivmodqi4)
/usr/lib/gcc/avr/4.8.1/avr5/libgcc.a(_exit.o)
                              /usr/lib/gcc/avr/4.8.1/../../../avr/lib/avr5/crtm32.o (exit)
/usr/lib/gcc/avr/4.8.1/avr5/libgcc.a(_copy_data.o)
                              ./lcd.o (__do_copy_data)
/usr/lib/gcc/avr/4.8.1/avr5/libgcc.a(_prologue.o)
                              /usr/lib/gcc/avr/4.8.1/../../../avr/lib/avr5/libprintf_flt.a(vfprintf_flt.o) (__prologue_saves__)
/usr/lib/gcc/avr/4.8.1/avr5/libgcc.a(_epilogue.o)
                              /usr/lib/gcc/avr/4.8.1/../../../avr/lib/avr5/libprintf_flt.a(vfprintf_flt.o) (__epilogue_restores__)
/usr/lib/gcc/avr/4.8.1/../../../avr/lib/avr5/libc.a(ftoa_engine.o)
                              /usr/lib/gcc/avr/4.8.1/../../../avr/lib/avr5/libprintf_flt.a(vfprintf_flt.o) (__ftoa_engine)
/usr/lib/gcc/avr/4.8.1/../../../avr/lib/avr5/libc.a(strnlen_P.o)
                              /usr/lib/gcc/avr/4.8.1/../../../avr/lib/avr5/libprintf_flt.a(vfprintf_flt.o) (strnlen_P)
/usr/lib/gcc/avr/4.8.1/../../../avr/lib/avr5/libc.a(strnlen.o)
                              /usr/lib/gcc/avr/4.8.1/../../../avr/lib/avr5/libprintf_flt.a(vfprintf_flt.o) (strnlen)
/usr/lib/gcc/avr/4.8.1/../../../avr/lib/avr5/libc.a(fprintf.o)
                              ./main.o (fprintf)
/usr/lib/gcc/avr/4.8.1/../../../avr/lib/avr5/libc.a(fputc.o)
                              /usr/lib/gcc/avr/4.8.1/../../../avr/lib/avr5/libprintf_flt.a(vfprintf_flt.o) (fputc)
/usr/lib/gcc/avr/4.8.1/../../../avr/lib/avr5/libc.a(ultoa_invert.o)
                              /usr/lib/gcc/avr/4.8.1/../../../avr/lib/avr5/libprintf_flt.a(vfprintf_flt.o) (__ultoa_invert)

Memory Configuration

Name             Origin             Length             Attributes
text             0x0000000000000000 0x0000000000020000 xr
data             0x0000000000800060 0x000000000000ffa0 rw !x
eeprom           0x0000000000810000 0x0000000000010000 rw !x
fuse             0x0000000000820000 0x0000000000000400 rw !x
lock             0x0000000000830000 0x0000000000000400 rw !x
signature        0x0000000000840000 0x0000000000000400 rw !x
user_signatures  0x0000000000850000 0x0000000000000400 rw !x
*default*        0x0000000000000000 0xffffffffffffffff

Linker script and memory map

LOAD /usr/lib/gcc/avr/4.8.1/../../../avr/lib/avr5/crtm32.o
LOAD ./i2c.o
LOAD ./lcd.o
LOAD ./main.o
LOAD /usr/lib/gcc/avr/4.8.1/../../../avr/lib/avr5/libprintf_flt.a
START GROUP
LOAD /usr/lib/gcc/avr/4.8.1/avr5/libgcc.a
LOAD /usr/lib/gcc/avr/4.8.1/../../../avr/lib/avr5/libm.a
LOAD /usr/lib/gcc/avr/4.8.1/../../../avr/lib/avr5/libc.a
END GROUP

.hash
 *(.hash)

.dynsym
 *(.dynsym)

.dynstr
 *(.dynstr)

.gnu.version
 *(.gnu.version)

.gnu.version_d
 *(.gnu.version_d)

.gnu.version_r
 *(.gnu.version_r)

.rel.init
 *(.rel.init)

.rela.init
 *(.rela.init)

.rel.text
 *(.rel.text)
 *(.rel.text.*)
 *(.rel.gnu.linkonce.t*)

.rela.text
 *(.rela.text)
 *(.rela.text.*)
 *(.rela.gnu.linkonce.t*)

.rel.fini
 *(.rel.fini)

.rela.fini
 *(.rela.fini)

.rel.rodata
 *(.rel.rodata)
 *(.rel.rodata.*)
 *(.rel.gnu.linkonce.r*)

.rela.rodata
 *(.rela.rodata)
 *(.rela.rodata.*)
 *(.rela.gnu.linkonce.r*)

.rel.data
 *(.rel.data)
 *(.rel.data.*)
 *(.rel.gnu.linkonce.d*)

.rela.data
 *(.rela.data)
 *(.rela.data.*)
 *(.rela.gnu.linkonce.d*)

.rel.ctors
 *(.rel.ctors)

.rela.ctors
 *(.rela.ctors)

.rel.dtors
 *(.rel.dtors)

.rela.dtors
 *(.rela.dtors)

.rel.got
 *(.rel.got)

.rela.got
 *(.rela.got)

.rel.bss
 *(.rel.bss)

.rela.bss
 *(.rela.bss)

.rel.plt
 *(.rel.plt)

.rela.plt
 *(.rela.plt)

.text           0x0000000000000000      0xfd4
 *(.vectors)
 .vectors       0x0000000000000000       0x54 /usr/lib/gcc/avr/4.8.1/../../../avr/lib/avr5/crtm32.o
                0x0000000000000000                __vectors
                0x0000000000000000                __vector_default
 *(.vectors)
 *(.progmem.gcc*)
                0x0000000000000054                . = ALIGN (0x2)
                0x0000000000000054                __trampolines_start = .
 *(.trampolines)
 .trampolines   0x0000000000000054        0x0 linker stubs
 *(.trampolines*)
                0x0000000000000054                __trampolines_end = .
 *(.progmem*)
 .progmem.data  0x0000000000000054        0x8 /usr/lib/gcc/avr/4.8.1/../../../avr/lib/avr5/libprintf_flt.a(vfprintf_flt.o)
 .progmem.data  0x000000000000005c       0xfa /usr/lib/gcc/avr/4.8.1/../../../avr/lib/avr5/libc.a(ftoa_engine.o)
                0x0000000000000156                . = ALIGN (0x2)
 *(.jumptables)
 *(.jumptables*)
 *(.lowtext)
 *(.lowtext*)
                0x0000000000000156                __ctors_start = .
 *(.ctors)
                0x0000000000000156                __ctors_end = .
                0x0000000000000156                __dtors_start = .
 *(.dtors)
                0x0000000000000156                __dtors_end = .
 SORT(*)(.ctors)
 SORT(*)(.dtors)
 *(.init0)
 .init0         0x0000000000000156        0x0 /usr/lib/gcc/avr/4.8.1/../../../avr/lib/avr5/crtm32.o
                0x0000000000000156                __init
 *(.init0)
 *(.init1)
 *(.init1)
 *(.init2)
 .init2         0x0000000000000156        0xc /usr/lib/gcc/avr/4.8.1/../../../avr/lib/avr5/crtm32.o
 *(.init2)
 *(.init3)
 *(.init3)
 *(.init4)
 .init4         0x0000000000000162       0x16 /usr/lib/gcc/avr/4.8.1/avr5/libgcc.a(_copy_data.o)
                0x0000000000000162                __do_copy_data
 *(.init4)
 *(.init5)
 *(.init5)
 *(.init6)
 *(.init6)
 *(.init7)
 *(.init7)
 *(.init8)
 *(.init8)
 *(.init9)
 .init9         0x0000000000000178        0x8 /usr/lib/gcc/avr/4.8.1/../../../avr/lib/avr5/crtm32.o
 *(.init9)
 *(.text)
 .text          0x0000000000000180        0x4 /usr/lib/gcc/avr/4.8.1/../../../avr/lib/avr5/crtm32.o
                0x0000000000000180                __vector_12
                0x0000000000000180                __bad_interrupt
                0x0000000000000180                __vector_6
                0x0000000000000180                __vector_3
                0x0000000000000180                __vector_11
                0x0000000000000180                __vector_13
                0x0000000000000180                __vector_17
                0x0000000000000180                __vector_19
                0x0000000000000180                __vector_7
                0x0000000000000180                __vector_5
                0x0000000000000180                __vector_4
                0x0000000000000180                __vector_9
                0x0000000000000180                __vector_2
                0x0000000000000180                __vector_15
                0x0000000000000180                __vector_8
                0x0000000000000180                __vector_14
                0x0000000000000180                __vector_10
                0x0000000000000180                __vector_16
                0x0000000000000180                __vector_18
                0x0000000000000180                __vector_20
 .text          0x0000000000000184        0x0 ./i2c.o
 .text          0x0000000000000184        0x0 ./lcd.o
 .text          0x0000000000000184        0x0 ./main.o
 .text          0x0000000000000184        0x0 /usr/lib/gcc/avr/4.8.1/../../../avr/lib/avr5/libprintf_flt.a(vfprintf_flt.o)
 .text          0x0000000000000184        0x0 /usr/lib/gcc/avr/4.8.1/avr5/libgcc.a(_udivmodqi4.o)
 .text          0x0000000000000184        0x0 /usr/lib/gcc/avr/4.8.1/avr5/libgcc.a(_exit.o)
 .text          0x0000000000000184        0x0 /usr/lib/gcc/avr/4.8.1/avr5/libgcc.a(_copy_data.o)
 .text          0x0000000000000184        0x0 /usr/lib/gcc/avr/4.8.1/avr5/libgcc.a(_prologue.o)
 .text          0x0000000000000184        0x0 /usr/lib/gcc/avr/4.8.1/avr5/libgcc.a(_epilogue.o)
 .text          0x0000000000000184        0x0 /usr/lib/gcc/avr/4.8.1/../../../avr/lib/avr5/libc.a(ftoa_engine.o)
 .text          0x0000000000000184        0x0 /usr/lib/gcc/avr/4.8.1/../../../avr/lib/avr5/libc.a(strnlen_P.o)
 .text          0x0000000000000184        0x0 /usr/lib/gcc/avr/4.8.1/../../../avr/lib/avr5/libc.a(strnlen.o)
 .text          0x0000000000000184        0x0 /usr/lib/gcc/avr/4.8.1/../../../avr/lib/avr5/libc.a(fprintf.o)
 .text          0x0000000000000184        0x0 /usr/lib/gcc/avr/4.8.1/../../../avr/lib/avr5/libc.a(fputc.o)
 .text          0x0000000000000184        0x0 /usr/lib/gcc/avr/4.8.1/../../../avr/lib/avr5/libc.a(ultoa_invert.o)
                0x0000000000000184                . = ALIGN (0x2)
 *(.text.*)
 .text.i2c_start
                0x0000000000000184        0xc ./i2c.o
                0x0000000000000184                i2c_start
 .text.i2c_stop
                0x0000000000000190        0xc ./i2c.o
                0x0000000000000190                i2c_stop
 .text.i2c_write
                0x000000000000019c        0xe ./i2c.o
                0x000000000000019c                i2c_write
 .text.i2c_read
                0x00000000000001aa       0x16 ./i2c.o
                0x00000000000001aa                i2c_read
 .text.i2c_init
                0x00000000000001c0        0x6 ./i2c.o
                0x00000000000001c0                i2c_init
 .text.lcd_write_instr
                0x00000000000001c6       0x58 ./lcd.o
                0x00000000000001c6                lcd_write_instr
 .text.lcd_init
                0x000000000000021e       0x64 ./lcd.o
                0x000000000000021e                lcd_init
 .text.lcd_clear
                0x0000000000000282        0x6 ./lcd.o
                0x0000000000000282                lcd_clear
 .text.lcd_write_data
                0x0000000000000288       0x56 ./lcd.o
                0x0000000000000288                lcd_write_data
 .text.lcd_putc
                0x00000000000002de        0xa ./lcd.o
                0x00000000000002de                lcd_putc
 .text.lcd_set_xy
                0x00000000000002e8        0xe ./lcd.o
                0x00000000000002e8                lcd_set_xy
 .text.lcd_write_text_xy
                0x00000000000002f6       0x4e ./lcd.o
                0x00000000000002f6                lcd_write_text_xy
 .text.bcd2dec  0x0000000000000344       0x12 ./main.o
                0x0000000000000344                bcd2dec
 .text.dec2bcd  0x0000000000000356       0x14 ./main.o
                0x0000000000000356                dec2bcd
 .text.set_time
                0x000000000000036a       0x5a ./main.o
                0x000000000000036a                set_time
 .text.get_time
                0x00000000000003c4       0x64 ./main.o
                0x00000000000003c4                get_time
 .text.__vector_1
                0x0000000000000428       0xe6 ./main.o
                0x0000000000000428                __vector_1
 .text.set_interrupt
                0x000000000000050e       0x10 ./main.o
                0x000000000000050e                set_interrupt
 .text.startup.main
                0x000000000000051e       0x16 ./main.o
                0x000000000000051e                main
 .text.avr-libc
                0x0000000000000534      0x6f6 /usr/lib/gcc/avr/4.8.1/../../../avr/lib/avr5/libprintf_flt.a(vfprintf_flt.o)
                0x0000000000000534                vfprintf
 .text.libgcc.mul
                0x0000000000000c2a        0x0 /usr/lib/gcc/avr/4.8.1/avr5/libgcc.a(_udivmodqi4.o)
 .text.libgcc.div
                0x0000000000000c2a       0x18 /usr/lib/gcc/avr/4.8.1/avr5/libgcc.a(_udivmodqi4.o)
                0x0000000000000c2a                __udivmodqi4
 .text.libgcc   0x0000000000000c42        0x0 /usr/lib/gcc/avr/4.8.1/avr5/libgcc.a(_udivmodqi4.o)
 .text.libgcc.prologue
                0x0000000000000c42        0x0 /usr/lib/gcc/avr/4.8.1/avr5/libgcc.a(_udivmodqi4.o)
 .text.libgcc.builtins
                0x0000000000000c42        0x0 /usr/lib/gcc/avr/4.8.1/avr5/libgcc.a(_udivmodqi4.o)
 .text.libgcc.fmul
                0x0000000000000c42        0x0 /usr/lib/gcc/avr/4.8.1/avr5/libgcc.a(_udivmodqi4.o)
 .text.libgcc.fixed
                0x0000000000000c42        0x0 /usr/lib/gcc/avr/4.8.1/avr5/libgcc.a(_udivmodqi4.o)
 .text.libgcc.mul
                0x0000000000000c42        0x0 /usr/lib/gcc/avr/4.8.1/avr5/libgcc.a(_exit.o)
 .text.libgcc.div
                0x0000000000000c42        0x0 /usr/lib/gcc/avr/4.8.1/avr5/libgcc.a(_exit.o)
 .text.libgcc   0x0000000000000c42        0x0 /usr/lib/gcc/avr/4.8.1/avr5/libgcc.a(_exit.o)
 .text.libgcc.prologue
                0x0000000000000c42        0x0 /usr/lib/gcc/avr/4.8.1/avr5/libgcc.a(_exit.o)
 .text.libgcc.builtins
                0x0000000000000c42        0x0 /usr/lib/gcc/avr/4.8.1/avr5/libgcc.a(_exit.o)
 .text.libgcc.fmul
                0x0000000000000c42        0x0 /usr/lib/gcc/avr/4.8.1/avr5/libgcc.a(_exit.o)
 .text.libgcc.fixed
                0x0000000000000c42        0x0 /usr/lib/gcc/avr/4.8.1/avr5/libgcc.a(_exit.o)
 .text.libgcc.mul
                0x0000000000000c42        0x0 /usr/lib/gcc/avr/4.8.1/avr5/libgcc.a(_copy_data.o)
 .text.libgcc.div
                0x0000000000000c42        0x0 /usr/lib/gcc/avr/4.8.1/avr5/libgcc.a(_copy_data.o)
 .text.libgcc   0x0000000000000c42        0x0 /usr/lib/gcc/avr/4.8.1/avr5/libgcc.a(_copy_data.o)
 .text.libgcc.prologue
                0x0000000000000c42        0x0 /usr/lib/gcc/avr/4.8.1/avr5/libgcc.a(_copy_data.o)
 .text.libgcc.builtins
                0x0000000000000c42        0x0 /usr/lib/gcc/avr/4.8.1/avr5/libgcc.a(_copy_data.o)
 .text.libgcc.fmul
                0x0000000000000c42        0x0 /usr/lib/gcc/avr/4.8.1/avr5/libgcc.a(_copy_data.o)
 .text.libgcc.fixed
                0x0000000000000c42        0x0 /usr/lib/gcc/avr/4.8.1/avr5/libgcc.a(_copy_data.o)
 .text.libgcc.mul
                0x0000000000000c42        0x0 /usr/lib/gcc/avr/4.8.1/avr5/libgcc.a(_prologue.o)
 .text.libgcc.div
                0x0000000000000c42        0x0 /usr/lib/gcc/avr/4.8.1/avr5/libgcc.a(_prologue.o)
 .text.libgcc   0x0000000000000c42        0x0 /usr/lib/gcc/avr/4.8.1/avr5/libgcc.a(_prologue.o)
 .text.libgcc.prologue
                0x0000000000000c42       0x38 /usr/lib/gcc/avr/4.8.1/avr5/libgcc.a(_prologue.o)
                0x0000000000000c42                __prologue_saves__
 .text.libgcc.builtins
                0x0000000000000c7a        0x0 /usr/lib/gcc/avr/4.8.1/avr5/libgcc.a(_prologue.o)
 .text.libgcc.fmul
                0x0000000000000c7a        0x0 /usr/lib/gcc/avr/4.8.1/avr5/libgcc.a(_prologue.o)
 .text.libgcc.fixed
                0x0000000000000c7a        0x0 /usr/lib/gcc/avr/4.8.1/avr5/libgcc.a(_prologue.o)
 .text.libgcc.mul
                0x0000000000000c7a        0x0 /usr/lib/gcc/avr/4.8.1/avr5/libgcc.a(_epilogue.o)
 .text.libgcc.div
                0x0000000000000c7a        0x0 /usr/lib/gcc/avr/4.8.1/avr5/libgcc.a(_epilogue.o)
 .text.libgcc   0x0000000000000c7a        0x0 /usr/lib/gcc/avr/4.8.1/avr5/libgcc.a(_epilogue.o)
 .text.libgcc.prologue
                0x0000000000000c7a       0x36 /usr/lib/gcc/avr/4.8.1/avr5/libgcc.a(_epilogue.o)
                0x0000000000000c7a                __epilogue_restores__
 .text.libgcc.builtins
                0x0000000000000cb0        0x0 /usr/lib/gcc/avr/4.8.1/avr5/libgcc.a(_epilogue.o)
 .text.libgcc.fmul
                0x0000000000000cb0        0x0 /usr/lib/gcc/avr/4.8.1/avr5/libgcc.a(_epilogue.o)
 .text.libgcc.fixed
                0x0000000000000cb0        0x0 /usr/lib/gcc/avr/4.8.1/avr5/libgcc.a(_epilogue.o)
 .text.avr-libc
                0x0000000000000cb0      0x1b0 /usr/lib/gcc/avr/4.8.1/../../../avr/lib/avr5/libc.a(ftoa_engine.o)
                0x0000000000000cb0                __ftoa_engine
 .text.avr-libc
                0x0000000000000e60       0x16 /usr/lib/gcc/avr/4.8.1/../../../avr/lib/avr5/libc.a(strnlen_P.o)
                0x0000000000000e60                strnlen_P
 .text.avr-libc
                0x0000000000000e76       0x16 /usr/lib/gcc/avr/4.8.1/../../../avr/lib/avr5/libc.a(strnlen.o)
                0x0000000000000e76                strnlen
 .text.avr-libc
                0x0000000000000e8c       0x24 /usr/lib/gcc/avr/4.8.1/../../../avr/lib/avr5/libc.a(fprintf.o)
                0x0000000000000e8c                fprintf
 .text.avr-libc
                0x0000000000000eb0       0x64 /usr/lib/gcc/avr/4.8.1/../../../avr/lib/avr5/libc.a(fputc.o)
                0x0000000000000eb0                fputc
 .text.avr-libc
                0x0000000000000f14       0xbc /usr/lib/gcc/avr/4.8.1/../../../avr/lib/avr5/libc.a(ultoa_invert.o)
                0x0000000000000f14                __ultoa_invert
                0x0000000000000fd0                . = ALIGN (0x2)
 *(.fini9)
 .fini9         0x0000000000000fd0        0x0 /usr/lib/gcc/avr/4.8.1/avr5/libgcc.a(_exit.o)
                0x0000000000000fd0                exit
                0x0000000000000fd0                _exit
 *(.fini9)
 *(.fini8)
 *(.fini8)
 *(.fini7)
 *(.fini7)
 *(.fini6)
 *(.fini6)
 *(.fini5)
 *(.fini5)
 *(.fini4)
 *(.fini4)
 *(.fini3)
 *(.fini3)
 *(.fini2)
 *(.fini2)
 *(.fini1)
 *(.fini1)
 *(.fini0)
 .fini0         0x0000000000000fd0        0x4 /usr/lib/gcc/avr/4.8.1/avr5/libgcc.a(_exit.o)
 *(.fini0)
                0x0000000000000fd4                _etext = .

.data           0x0000000000800060       0x66 load address 0x0000000000000fd4
                0x0000000000800060                PROVIDE (__data_start, .)
 *(.data)
 .data          0x0000000000800060        0x0 /usr/lib/gcc/avr/4.8.1/../../../avr/lib/avr5/crtm32.o
 .data          0x0000000000800060        0x0 ./i2c.o
 .data          0x0000000000800060        0x0 ./lcd.o
 .data          0x0000000000800060        0x0 ./main.o
 .data          0x0000000000800060        0x0 /usr/lib/gcc/avr/4.8.1/../../../avr/lib/avr5/libprintf_flt.a(vfprintf_flt.o)
 .data          0x0000000000800060        0x0 /usr/lib/gcc/avr/4.8.1/avr5/libgcc.a(_udivmodqi4.o)
 .data          0x0000000000800060        0x0 /usr/lib/gcc/avr/4.8.1/avr5/libgcc.a(_exit.o)
 .data          0x0000000000800060        0x0 /usr/lib/gcc/avr/4.8.1/avr5/libgcc.a(_copy_data.o)
 .data          0x0000000000800060        0x0 /usr/lib/gcc/avr/4.8.1/avr5/libgcc.a(_prologue.o)
 .data          0x0000000000800060        0x0 /usr/lib/gcc/avr/4.8.1/avr5/libgcc.a(_epilogue.o)
 .data          0x0000000000800060        0x0 /usr/lib/gcc/avr/4.8.1/../../../avr/lib/avr5/libc.a(ftoa_engine.o)
 .data          0x0000000000800060        0x0 /usr/lib/gcc/avr/4.8.1/../../../avr/lib/avr5/libc.a(strnlen_P.o)
 .data          0x0000000000800060        0x0 /usr/lib/gcc/avr/4.8.1/../../../avr/lib/avr5/libc.a(strnlen.o)
 .data          0x0000000000800060        0x0 /usr/lib/gcc/avr/4.8.1/../../../avr/lib/avr5/libc.a(fprintf.o)
 .data          0x0000000000800060        0x0 /usr/lib/gcc/avr/4.8.1/../../../avr/lib/avr5/libc.a(fputc.o)
 .data          0x0000000000800060        0x0 /usr/lib/gcc/avr/4.8.1/../../../avr/lib/avr5/libc.a(ultoa_invert.o)
 *(.data*)
 .data.lcd_stream
                0x0000000000800060        0xe ./lcd.o
                0x0000000000800060                lcd_stream
 .data.dni_tygodnia
                0x000000000080006e        0xe ./main.o
                0x000000000080006e                dni_tygodnia
 .data.init_time_data
                0x000000000080007c        0x7 ./main.o
                0x000000000080007c                init_time_data
 .data.time_data
                0x0000000000800083        0x7 ./main.o
                0x0000000000800083                time_data
 *(.rodata)
 *(.rodata*)
 .rodata.str1.1
                0x000000000080008a       0x3b ./main.o
 *(.gnu.linkonce.d*)
                0x00000000008000c6                . = ALIGN (0x2)
 *fill*         0x00000000008000c5        0x1 
                0x00000000008000c6                _edata = .
                0x00000000008000c6                PROVIDE (__data_end, .)

.bss            0x00000000008000c6        0x0
                0x00000000008000c6                PROVIDE (__bss_start, .)
 *(.bss)
 .bss           0x00000000008000c6        0x0 /usr/lib/gcc/avr/4.8.1/../../../avr/lib/avr5/crtm32.o
 .bss           0x00000000008000c6        0x0 ./i2c.o
 .bss           0x00000000008000c6        0x0 ./lcd.o
 .bss           0x00000000008000c6        0x0 ./main.o
 .bss           0x00000000008000c6        0x0 /usr/lib/gcc/avr/4.8.1/../../../avr/lib/avr5/libprintf_flt.a(vfprintf_flt.o)
 .bss           0x00000000008000c6        0x0 /usr/lib/gcc/avr/4.8.1/avr5/libgcc.a(_udivmodqi4.o)
 .bss           0x00000000008000c6        0x0 /usr/lib/gcc/avr/4.8.1/avr5/libgcc.a(_exit.o)
 .bss           0x00000000008000c6        0x0 /usr/lib/gcc/avr/4.8.1/avr5/libgcc.a(_copy_data.o)
 .bss           0x00000000008000c6        0x0 /usr/lib/gcc/avr/4.8.1/avr5/libgcc.a(_prologue.o)
 .bss           0x00000000008000c6        0x0 /usr/lib/gcc/avr/4.8.1/avr5/libgcc.a(_epilogue.o)
 .bss           0x00000000008000c6        0x0 /usr/lib/gcc/avr/4.8.1/../../../avr/lib/avr5/libc.a(ftoa_engine.o)
 .bss           0x00000000008000c6        0x0 /usr/lib/gcc/avr/4.8.1/../../../avr/lib/avr5/libc.a(strnlen_P.o)
 .bss           0x00000000008000c6        0x0 /usr/lib/gcc/avr/4.8.1/../../../avr/lib/avr5/libc.a(strnlen.o)
 .bss           0x00000000008000c6        0x0 /usr/lib/gcc/avr/4.8.1/../../../avr/lib/avr5/libc.a(fprintf.o)
 .bss           0x00000000008000c6        0x0 /usr/lib/gcc/avr/4.8.1/../../../avr/lib/avr5/libc.a(fputc.o)
 .bss           0x00000000008000c6        0x0 /usr/lib/gcc/avr/4.8.1/../../../avr/lib/avr5/libc.a(ultoa_invert.o)
 *(.bss*)
 *(COMMON)
                0x00000000008000c6                PROVIDE (__bss_end, .)
                0x0000000000000fd4                __data_load_start = LOADADDR (.data)
                0x000000000000103a                __data_load_end = (__data_load_start + SIZEOF (.data))

.noinit         0x00000000008000c6        0x0
                0x00000000008000c6                PROVIDE (__noinit_start, .)
 *(.noinit*)
                0x00000000008000c6                PROVIDE (__noinit_end, .)
                0x00000000008000c6                _end = .
                0x00000000008000c6                PROVIDE (__heap_start, .)

.eeprom         0x0000000000810000        0x0
 *(.eeprom*)
                0x0000000000810000                __eeprom_end = .

.fuse
 *(.fuse)
 *(.lfuse)
 *(.hfuse)
 *(.efuse)

.lock
 *(.lock*)

.signature
 *(.signature*)

.user_signatures
 *(.user_signatures*)

.stab
 *(.stab)

.stabstr
 *(.stabstr)

.stab.excl
 *(.stab.excl)

.stab.exclstr
 *(.stab.exclstr)

.stab.index
 *(.stab.index)

.stab.indexstr
 *(.stab.indexstr)

.comment        0x0000000000000000       0x11
 *(.comment)
 .comment       0x0000000000000000       0x11 ./i2c.o
                                         0x12 (size before relaxing)
 .comment       0x0000000000000000       0x12 ./lcd.o
 .comment       0x0000000000000000       0x12 ./main.o
 .comment       0x0000000000000000       0x12 /usr/lib/gcc/avr/4.8.1/../../../avr/lib/avr5/libprintf_flt.a(vfprintf_flt.o)
 .comment       0x0000000000000000       0x12 /usr/lib/gcc/avr/4.8.1/../../../avr/lib/avr5/libc.a(fprintf.o)
 .comment       0x0000000000000000       0x12 /usr/lib/gcc/avr/4.8.1/../../../avr/lib/avr5/libc.a(fputc.o)

.note.gnu.build-id
 *(.note.gnu.build-id)

.debug
 *(.debug)

.line
 *(.line)

.debug_srcinfo
 *(.debug_srcinfo)

.debug_sfnames
 *(.debug_sfnames)

.debug_aranges
 *(.debug_aranges)

.debug_pubnames
 *(.debug_pubnames)

.debug_info
 *(.debug_info .gnu.linkonce.wi.*)

.debug_abbrev
 *(.debug_abbrev)

.debug_line
 *(.debug_line .debug_line.* .debug_line_end)

.debug_frame
 *(.debug_frame)

.debug_str
 *(.debug_str)

.debug_loc
 *(.debug_loc)

.debug_macinfo
 *(.debug_macinfo)

.debug_weaknames
 *(.debug_weaknames)

.debug_funcnames
 *(.debug_funcnames)

.debug_typenames
 *(.debug_typenames)

.debug_varnames
 *(.debug_varnames)

.debug_pubtypes
 *(.debug_pubtypes)

.debug_ranges
 *(.debug_ranges)

.debug_macro
 *(.debug_macro)
OUTPUT(lab8.elf elf32-avr)
LOAD linker stubs
