Archive member included because of file (symbol)

/usr/lib/gcc/avr/4.8.1/avr5/libgcc.a(_exit.o)
                              /usr/lib/gcc/avr/4.8.1/../../../avr/lib/avr5/crtm32.o (exit)
/usr/lib/gcc/avr/4.8.1/avr5/libgcc.a(_clear_bss.o)
                              ./main.o (__do_clear_bss)
/usr/lib/gcc/avr/4.8.1/../../../avr/lib/avr5/libm.a(addsf3.o)
                              ./main.o (__addsf3)
/usr/lib/gcc/avr/4.8.1/../../../avr/lib/avr5/libm.a(addsf3x.o)
                              /usr/lib/gcc/avr/4.8.1/../../../avr/lib/avr5/libm.a(addsf3.o) (__addsf3x)
/usr/lib/gcc/avr/4.8.1/../../../avr/lib/avr5/libm.a(divsf3.o)
                              ./main.o (__divsf3)
/usr/lib/gcc/avr/4.8.1/../../../avr/lib/avr5/libm.a(divsf3x.o)
                              /usr/lib/gcc/avr/4.8.1/../../../avr/lib/avr5/libm.a(divsf3.o) (__divsf3x)
/usr/lib/gcc/avr/4.8.1/../../../avr/lib/avr5/libm.a(fixsfsi.o)
                              ./main.o (__fixsfsi)
/usr/lib/gcc/avr/4.8.1/../../../avr/lib/avr5/libm.a(fixunssfsi.o)
                              /usr/lib/gcc/avr/4.8.1/../../../avr/lib/avr5/libm.a(fixsfsi.o) (__fixunssfsi)
/usr/lib/gcc/avr/4.8.1/../../../avr/lib/avr5/libm.a(floatsisf.o)
                              ./main.o (__floatsisf)
/usr/lib/gcc/avr/4.8.1/../../../avr/lib/avr5/libm.a(fp_inf.o)
                              /usr/lib/gcc/avr/4.8.1/../../../avr/lib/avr5/libm.a(addsf3x.o) (__fp_inf)
/usr/lib/gcc/avr/4.8.1/../../../avr/lib/avr5/libm.a(fp_nan.o)
                              /usr/lib/gcc/avr/4.8.1/../../../avr/lib/avr5/libm.a(addsf3x.o) (__fp_nan)
/usr/lib/gcc/avr/4.8.1/../../../avr/lib/avr5/libm.a(fp_pscA.o)
                              /usr/lib/gcc/avr/4.8.1/../../../avr/lib/avr5/libm.a(addsf3x.o) (__fp_pscA)
/usr/lib/gcc/avr/4.8.1/../../../avr/lib/avr5/libm.a(fp_pscB.o)
                              /usr/lib/gcc/avr/4.8.1/../../../avr/lib/avr5/libm.a(addsf3x.o) (__fp_pscB)
/usr/lib/gcc/avr/4.8.1/../../../avr/lib/avr5/libm.a(fp_round.o)
                              /usr/lib/gcc/avr/4.8.1/../../../avr/lib/avr5/libm.a(addsf3.o) (__fp_round)
/usr/lib/gcc/avr/4.8.1/../../../avr/lib/avr5/libm.a(fp_split3.o)
                              /usr/lib/gcc/avr/4.8.1/../../../avr/lib/avr5/libm.a(addsf3x.o) (__fp_split3)
/usr/lib/gcc/avr/4.8.1/../../../avr/lib/avr5/libm.a(fp_zero.o)
                              /usr/lib/gcc/avr/4.8.1/../../../avr/lib/avr5/libm.a(addsf3x.o) (__fp_zero)
/usr/lib/gcc/avr/4.8.1/../../../avr/lib/avr5/libm.a(mulsf3.o)
                              ./main.o (__mulsf3)
/usr/lib/gcc/avr/4.8.1/../../../avr/lib/avr5/libm.a(mulsf3x.o)
                              /usr/lib/gcc/avr/4.8.1/../../../avr/lib/avr5/libm.a(mulsf3.o) (__mulsf3x)
/usr/lib/gcc/avr/4.8.1/../../../avr/lib/avr5/libc.a(atoi.o)
                              ./main.o (atoi)
/usr/lib/gcc/avr/4.8.1/../../../avr/lib/avr5/libc.a(mul10.o)
                              /usr/lib/gcc/avr/4.8.1/../../../avr/lib/avr5/libc.a(atoi.o) (__mulhi_const_10)

Allocating common symbols
Common symbol       size              file

bufor               0x14              ./main.o

Memory Configuration

Name             Origin             Length             Attributes
text             0x0000000000000000 0x0000000000020000 xr
data             0x0000000000800060 0x000000000000ffa0 rw !x
eeprom           0x0000000000810000 0x0000000000010000 rw !x
fuse             0x0000000000820000 0x0000000000000400 rw !x
lock             0x0000000000830000 0x0000000000000400 rw !x
signature        0x0000000000840000 0x0000000000000400 rw !x
user_signatures  0x0000000000850000 0x0000000000000400 rw !x
*default*        0x0000000000000000 0xffffffffffffffff

Linker script and memory map

LOAD /usr/lib/gcc/avr/4.8.1/../../../avr/lib/avr5/crtm32.o
LOAD ./longdelay.o
LOAD ./main.o
START GROUP
LOAD /usr/lib/gcc/avr/4.8.1/avr5/libgcc.a
LOAD /usr/lib/gcc/avr/4.8.1/../../../avr/lib/avr5/libm.a
LOAD /usr/lib/gcc/avr/4.8.1/../../../avr/lib/avr5/libc.a
END GROUP

.hash
 *(.hash)

.dynsym
 *(.dynsym)

.dynstr
 *(.dynstr)

.gnu.version
 *(.gnu.version)

.gnu.version_d
 *(.gnu.version_d)

.gnu.version_r
 *(.gnu.version_r)

.rel.init
 *(.rel.init)

.rela.init
 *(.rela.init)

.rel.text
 *(.rel.text)
 *(.rel.text.*)
 *(.rel.gnu.linkonce.t*)

.rela.text
 *(.rela.text)
 *(.rela.text.*)
 *(.rela.gnu.linkonce.t*)

.rel.fini
 *(.rel.fini)

.rela.fini
 *(.rela.fini)

.rel.rodata
 *(.rel.rodata)
 *(.rel.rodata.*)
 *(.rel.gnu.linkonce.r*)

.rela.rodata
 *(.rela.rodata)
 *(.rela.rodata.*)
 *(.rela.gnu.linkonce.r*)

.rel.data
 *(.rel.data)
 *(.rel.data.*)
 *(.rel.gnu.linkonce.d*)

.rela.data
 *(.rela.data)
 *(.rela.data.*)
 *(.rela.gnu.linkonce.d*)

.rel.ctors
 *(.rel.ctors)

.rela.ctors
 *(.rela.ctors)

.rel.dtors
 *(.rel.dtors)

.rela.dtors
 *(.rela.dtors)

.rel.got
 *(.rel.got)

.rela.got
 *(.rela.got)

.rel.bss
 *(.rel.bss)

.rela.bss
 *(.rela.bss)

.rel.plt
 *(.rel.plt)

.rela.plt
 *(.rela.plt)

.text           0x0000000000000000      0x64c
 *(.vectors)
 .vectors       0x0000000000000000       0x54 /usr/lib/gcc/avr/4.8.1/../../../avr/lib/avr5/crtm32.o
                0x0000000000000000                __vectors
                0x0000000000000000                __vector_default
 *(.vectors)
 *(.progmem.gcc*)
                0x0000000000000054                . = ALIGN (0x2)
                0x0000000000000054                __trampolines_start = .
 *(.trampolines)
 .trampolines   0x0000000000000054        0x0 linker stubs
 *(.trampolines*)
                0x0000000000000054                __trampolines_end = .
 *(.progmem*)
                0x0000000000000054                . = ALIGN (0x2)
 *(.jumptables)
 *(.jumptables*)
 *(.lowtext)
 *(.lowtext*)
                0x0000000000000054                __ctors_start = .
 *(.ctors)
                0x0000000000000054                __ctors_end = .
                0x0000000000000054                __dtors_start = .
 *(.dtors)
                0x0000000000000054                __dtors_end = .
 SORT(*)(.ctors)
 SORT(*)(.dtors)
 *(.init0)
 .init0         0x0000000000000054        0x0 /usr/lib/gcc/avr/4.8.1/../../../avr/lib/avr5/crtm32.o
                0x0000000000000054                __init
 *(.init0)
 *(.init1)
 *(.init1)
 *(.init2)
 .init2         0x0000000000000054        0xc /usr/lib/gcc/avr/4.8.1/../../../avr/lib/avr5/crtm32.o
 *(.init2)
 *(.init3)
 *(.init3)
 *(.init4)
 .init4         0x0000000000000060       0x10 /usr/lib/gcc/avr/4.8.1/avr5/libgcc.a(_clear_bss.o)
                0x0000000000000060                __do_clear_bss
 *(.init4)
 *(.init5)
 *(.init5)
 *(.init6)
 *(.init6)
 *(.init7)
 *(.init7)
 *(.init8)
 *(.init8)
 *(.init9)
 .init9         0x0000000000000070        0x8 /usr/lib/gcc/avr/4.8.1/../../../avr/lib/avr5/crtm32.o
 *(.init9)
 *(.text)
 .text          0x0000000000000078        0x4 /usr/lib/gcc/avr/4.8.1/../../../avr/lib/avr5/crtm32.o
                0x0000000000000078                __vector_1
                0x0000000000000078                __vector_12
                0x0000000000000078                __bad_interrupt
                0x0000000000000078                __vector_6
                0x0000000000000078                __vector_3
                0x0000000000000078                __vector_11
                0x0000000000000078                __vector_17
                0x0000000000000078                __vector_19
                0x0000000000000078                __vector_7
                0x0000000000000078                __vector_5
                0x0000000000000078                __vector_4
                0x0000000000000078                __vector_9
                0x0000000000000078                __vector_2
                0x0000000000000078                __vector_15
                0x0000000000000078                __vector_8
                0x0000000000000078                __vector_14
                0x0000000000000078                __vector_10
                0x0000000000000078                __vector_16
                0x0000000000000078                __vector_18
                0x0000000000000078                __vector_20
 .text          0x000000000000007c        0x0 ./longdelay.o
 .text          0x000000000000007c        0x0 ./main.o
 .text          0x000000000000007c        0x0 /usr/lib/gcc/avr/4.8.1/avr5/libgcc.a(_exit.o)
 .text          0x000000000000007c        0x0 /usr/lib/gcc/avr/4.8.1/avr5/libgcc.a(_clear_bss.o)
 .text          0x000000000000007c        0x0 /usr/lib/gcc/avr/4.8.1/../../../avr/lib/avr5/libm.a(addsf3.o)
 .text          0x000000000000007c        0x0 /usr/lib/gcc/avr/4.8.1/../../../avr/lib/avr5/libm.a(addsf3x.o)
 .text          0x000000000000007c        0x0 /usr/lib/gcc/avr/4.8.1/../../../avr/lib/avr5/libm.a(divsf3.o)
 .text          0x000000000000007c        0x0 /usr/lib/gcc/avr/4.8.1/../../../avr/lib/avr5/libm.a(divsf3x.o)
 .text          0x000000000000007c        0x0 /usr/lib/gcc/avr/4.8.1/../../../avr/lib/avr5/libm.a(fixsfsi.o)
 .text          0x000000000000007c        0x0 /usr/lib/gcc/avr/4.8.1/../../../avr/lib/avr5/libm.a(fixunssfsi.o)
 .text          0x000000000000007c        0x0 /usr/lib/gcc/avr/4.8.1/../../../avr/lib/avr5/libm.a(floatsisf.o)
 .text          0x000000000000007c        0x0 /usr/lib/gcc/avr/4.8.1/../../../avr/lib/avr5/libm.a(fp_inf.o)
 .text          0x000000000000007c        0x0 /usr/lib/gcc/avr/4.8.1/../../../avr/lib/avr5/libm.a(fp_nan.o)
 .text          0x000000000000007c        0x0 /usr/lib/gcc/avr/4.8.1/../../../avr/lib/avr5/libm.a(fp_pscA.o)
 .text          0x000000000000007c        0x0 /usr/lib/gcc/avr/4.8.1/../../../avr/lib/avr5/libm.a(fp_pscB.o)
 .text          0x000000000000007c        0x0 /usr/lib/gcc/avr/4.8.1/../../../avr/lib/avr5/libm.a(fp_round.o)
 .text          0x000000000000007c        0x0 /usr/lib/gcc/avr/4.8.1/../../../avr/lib/avr5/libm.a(fp_split3.o)
 .text          0x000000000000007c        0x0 /usr/lib/gcc/avr/4.8.1/../../../avr/lib/avr5/libm.a(fp_zero.o)
 .text          0x000000000000007c        0x0 /usr/lib/gcc/avr/4.8.1/../../../avr/lib/avr5/libm.a(mulsf3.o)
 .text          0x000000000000007c        0x0 /usr/lib/gcc/avr/4.8.1/../../../avr/lib/avr5/libm.a(mulsf3x.o)
 .text          0x000000000000007c        0x0 /usr/lib/gcc/avr/4.8.1/../../../avr/lib/avr5/libc.a(atoi.o)
 .text          0x000000000000007c        0x0 /usr/lib/gcc/avr/4.8.1/../../../avr/lib/avr5/libc.a(mul10.o)
                0x000000000000007c                . = ALIGN (0x2)
 *(.text.*)
 .text.longdelay
                0x000000000000007c       0x1e ./longdelay.o
                0x000000000000007c                longdelay
 .text.init_pwm_registers
                0x000000000000009a       0x24 ./main.o
                0x000000000000009a                init_pwm_registers
 .text.convert_to_ocr1a
                0x00000000000000be       0x20 ./main.o
                0x00000000000000be                convert_to_ocr1a
 .text.angle_to_ocr1a
                0x00000000000000de       0x44 ./main.o
                0x00000000000000de                angle_to_ocr1a
 .text.USART_Init
                0x0000000000000122        0xe ./main.o
                0x0000000000000122                USART_Init
 .text.USART_Transmit
                0x0000000000000130        0x8 ./main.o
                0x0000000000000130                USART_Transmit
 .text.USART_Receive
                0x0000000000000138        0x8 ./main.o
                0x0000000000000138                USART_Receive
 .text.__vector_13
                0x0000000000000140       0x98 ./main.o
                0x0000000000000140                __vector_13
 .text.rotate_90_degrees
                0x00000000000001d8       0x26 ./main.o
                0x00000000000001d8                rotate_90_degrees
 .text.drive_via_console
                0x00000000000001fe       0x14 ./main.o
                0x00000000000001fe                drive_via_console
 .text.led_pwm  0x0000000000000212        0x8 ./main.o
                0x0000000000000212                led_pwm
 .text.startup.main
                0x000000000000021a        0x4 ./main.o
                0x000000000000021a                main
 .text.libgcc.mul
                0x000000000000021e        0x0 /usr/lib/gcc/avr/4.8.1/avr5/libgcc.a(_exit.o)
 .text.libgcc.div
                0x000000000000021e        0x0 /usr/lib/gcc/avr/4.8.1/avr5/libgcc.a(_exit.o)
 .text.libgcc   0x000000000000021e        0x0 /usr/lib/gcc/avr/4.8.1/avr5/libgcc.a(_exit.o)
 .text.libgcc.prologue
                0x000000000000021e        0x0 /usr/lib/gcc/avr/4.8.1/avr5/libgcc.a(_exit.o)
 .text.libgcc.builtins
                0x000000000000021e        0x0 /usr/lib/gcc/avr/4.8.1/avr5/libgcc.a(_exit.o)
 .text.libgcc.fmul
                0x000000000000021e        0x0 /usr/lib/gcc/avr/4.8.1/avr5/libgcc.a(_exit.o)
 .text.libgcc.fixed
                0x000000000000021e        0x0 /usr/lib/gcc/avr/4.8.1/avr5/libgcc.a(_exit.o)
 .text.libgcc.mul
                0x000000000000021e        0x0 /usr/lib/gcc/avr/4.8.1/avr5/libgcc.a(_clear_bss.o)
 .text.libgcc.div
                0x000000000000021e        0x0 /usr/lib/gcc/avr/4.8.1/avr5/libgcc.a(_clear_bss.o)
 .text.libgcc   0x000000000000021e        0x0 /usr/lib/gcc/avr/4.8.1/avr5/libgcc.a(_clear_bss.o)
 .text.libgcc.prologue
                0x000000000000021e        0x0 /usr/lib/gcc/avr/4.8.1/avr5/libgcc.a(_clear_bss.o)
 .text.libgcc.builtins
                0x000000000000021e        0x0 /usr/lib/gcc/avr/4.8.1/avr5/libgcc.a(_clear_bss.o)
 .text.libgcc.fmul
                0x000000000000021e        0x0 /usr/lib/gcc/avr/4.8.1/avr5/libgcc.a(_clear_bss.o)
 .text.libgcc.fixed
                0x000000000000021e        0x0 /usr/lib/gcc/avr/4.8.1/avr5/libgcc.a(_clear_bss.o)
 .text.avr-libc.fplib
                0x000000000000021e        0xa /usr/lib/gcc/avr/4.8.1/../../../avr/lib/avr5/libm.a(addsf3.o)
                0x000000000000021e                __subsf3
                0x0000000000000220                __addsf3
 .text.avr-libc.fplib
                0x0000000000000228       0xc0 /usr/lib/gcc/avr/4.8.1/../../../avr/lib/avr5/libm.a(addsf3x.o)
                0x0000000000000242                __addsf3x
 .text.avr-libc.fplib
                0x00000000000002e8        0x4 /usr/lib/gcc/avr/4.8.1/../../../avr/lib/avr5/libm.a(divsf3.o)
                0x00000000000002e8                __divsf3
 .text.avr-libc.fplib
                0x00000000000002ec       0xcc /usr/lib/gcc/avr/4.8.1/../../../avr/lib/avr5/libm.a(divsf3x.o)
                0x0000000000000302                __divsf3x
                0x0000000000000306                __divsf3_pse
 .text.avr-libc.fplib
                0x00000000000003b8        0xa /usr/lib/gcc/avr/4.8.1/../../../avr/lib/avr5/libm.a(fixsfsi.o)
                0x00000000000003b8                __fixsfsi
 .text.avr-libc.fplib
                0x00000000000003c2       0x58 /usr/lib/gcc/avr/4.8.1/../../../avr/lib/avr5/libm.a(fixunssfsi.o)
                0x00000000000003c2                __fixunssfsi
 .text.avr-libc.fplib
                0x000000000000041a       0x7a /usr/lib/gcc/avr/4.8.1/../../../avr/lib/avr5/libm.a(floatsisf.o)
                0x000000000000041a                __floatunsisf
                0x000000000000041e                __floatsisf
 .text.avr-libc.fplib
                0x0000000000000494        0xc /usr/lib/gcc/avr/4.8.1/../../../avr/lib/avr5/libm.a(fp_inf.o)
                0x0000000000000494                __fp_inf
 .text.avr-libc.fplib
                0x00000000000004a0        0x6 /usr/lib/gcc/avr/4.8.1/../../../avr/lib/avr5/libm.a(fp_nan.o)
                0x00000000000004a0                __fp_nan
 .text.avr-libc.fplib
                0x00000000000004a6        0xe /usr/lib/gcc/avr/4.8.1/../../../avr/lib/avr5/libm.a(fp_pscA.o)
                0x00000000000004a6                __fp_pscA
 .text.avr-libc.fplib
                0x00000000000004b4        0xe /usr/lib/gcc/avr/4.8.1/../../../avr/lib/avr5/libm.a(fp_pscB.o)
                0x00000000000004b4                __fp_pscB
 .text.avr-libc.fplib
                0x00000000000004c2       0x22 /usr/lib/gcc/avr/4.8.1/../../../avr/lib/avr5/libm.a(fp_round.o)
                0x00000000000004c2                __fp_round
 .text.avr-libc.fplib
                0x00000000000004e4       0x44 /usr/lib/gcc/avr/4.8.1/../../../avr/lib/avr5/libm.a(fp_split3.o)
                0x00000000000004e4                __fp_split3
                0x00000000000004f4                __fp_splitA
 .text.avr-libc.fplib
                0x0000000000000528        0xe /usr/lib/gcc/avr/4.8.1/../../../avr/lib/avr5/libm.a(fp_zero.o)
                0x0000000000000528                __fp_zero
                0x000000000000052a                __fp_szero
 .text.avr-libc.fplib
                0x0000000000000536        0x4 /usr/lib/gcc/avr/4.8.1/../../../avr/lib/avr5/libm.a(mulsf3.o)
                0x0000000000000536                __mulsf3
 .text.avr-libc.fplib
                0x000000000000053a       0xc2 /usr/lib/gcc/avr/4.8.1/../../../avr/lib/avr5/libm.a(mulsf3x.o)
                0x000000000000054e                __mulsf3x
                0x0000000000000552                __mulsf3_pse
 .text.avr-libc
                0x00000000000005fc       0x3c /usr/lib/gcc/avr/4.8.1/../../../avr/lib/avr5/libc.a(atoi.o)
                0x00000000000005fc                atoi
 .text.avr-libc
                0x0000000000000638       0x10 /usr/lib/gcc/avr/4.8.1/../../../avr/lib/avr5/libc.a(mul10.o)
                0x0000000000000638                __mulhi_const_10
                0x0000000000000648                . = ALIGN (0x2)
 *(.fini9)
 .fini9         0x0000000000000648        0x0 /usr/lib/gcc/avr/4.8.1/avr5/libgcc.a(_exit.o)
                0x0000000000000648                exit
                0x0000000000000648                _exit
 *(.fini9)
 *(.fini8)
 *(.fini8)
 *(.fini7)
 *(.fini7)
 *(.fini6)
 *(.fini6)
 *(.fini5)
 *(.fini5)
 *(.fini4)
 *(.fini4)
 *(.fini3)
 *(.fini3)
 *(.fini2)
 *(.fini2)
 *(.fini1)
 *(.fini1)
 *(.fini0)
 .fini0         0x0000000000000648        0x4 /usr/lib/gcc/avr/4.8.1/avr5/libgcc.a(_exit.o)
 *(.fini0)
                0x000000000000064c                _etext = .

.data           0x0000000000800060        0x0 load address 0x000000000000064c
                0x0000000000800060                PROVIDE (__data_start, .)
 *(.data)
 .data          0x0000000000800060        0x0 /usr/lib/gcc/avr/4.8.1/../../../avr/lib/avr5/crtm32.o
 .data          0x0000000000800060        0x0 ./longdelay.o
 .data          0x0000000000800060        0x0 ./main.o
 .data          0x0000000000800060        0x0 /usr/lib/gcc/avr/4.8.1/avr5/libgcc.a(_exit.o)
 .data          0x0000000000800060        0x0 /usr/lib/gcc/avr/4.8.1/avr5/libgcc.a(_clear_bss.o)
 .data          0x0000000000800060        0x0 /usr/lib/gcc/avr/4.8.1/../../../avr/lib/avr5/libm.a(addsf3.o)
 .data          0x0000000000800060        0x0 /usr/lib/gcc/avr/4.8.1/../../../avr/lib/avr5/libm.a(addsf3x.o)
 .data          0x0000000000800060        0x0 /usr/lib/gcc/avr/4.8.1/../../../avr/lib/avr5/libm.a(divsf3.o)
 .data          0x0000000000800060        0x0 /usr/lib/gcc/avr/4.8.1/../../../avr/lib/avr5/libm.a(divsf3x.o)
 .data          0x0000000000800060        0x0 /usr/lib/gcc/avr/4.8.1/../../../avr/lib/avr5/libm.a(fixsfsi.o)
 .data          0x0000000000800060        0x0 /usr/lib/gcc/avr/4.8.1/../../../avr/lib/avr5/libm.a(fixunssfsi.o)
 .data          0x0000000000800060        0x0 /usr/lib/gcc/avr/4.8.1/../../../avr/lib/avr5/libm.a(floatsisf.o)
 .data          0x0000000000800060        0x0 /usr/lib/gcc/avr/4.8.1/../../../avr/lib/avr5/libm.a(fp_inf.o)
 .data          0x0000000000800060        0x0 /usr/lib/gcc/avr/4.8.1/../../../avr/lib/avr5/libm.a(fp_nan.o)
 .data          0x0000000000800060        0x0 /usr/lib/gcc/avr/4.8.1/../../../avr/lib/avr5/libm.a(fp_pscA.o)
 .data          0x0000000000800060        0x0 /usr/lib/gcc/avr/4.8.1/../../../avr/lib/avr5/libm.a(fp_pscB.o)
 .data          0x0000000000800060        0x0 /usr/lib/gcc/avr/4.8.1/../../../avr/lib/avr5/libm.a(fp_round.o)
 .data          0x0000000000800060        0x0 /usr/lib/gcc/avr/4.8.1/../../../avr/lib/avr5/libm.a(fp_split3.o)
 .data          0x0000000000800060        0x0 /usr/lib/gcc/avr/4.8.1/../../../avr/lib/avr5/libm.a(fp_zero.o)
 .data          0x0000000000800060        0x0 /usr/lib/gcc/avr/4.8.1/../../../avr/lib/avr5/libm.a(mulsf3.o)
 .data          0x0000000000800060        0x0 /usr/lib/gcc/avr/4.8.1/../../../avr/lib/avr5/libm.a(mulsf3x.o)
 .data          0x0000000000800060        0x0 /usr/lib/gcc/avr/4.8.1/../../../avr/lib/avr5/libc.a(atoi.o)
 .data          0x0000000000800060        0x0 /usr/lib/gcc/avr/4.8.1/../../../avr/lib/avr5/libc.a(mul10.o)
 *(.data*)
 *(.rodata)
 *(.rodata*)
 *(.gnu.linkonce.d*)
                0x0000000000800060                . = ALIGN (0x2)
                0x0000000000800060                _edata = .
                0x0000000000800060                PROVIDE (__data_end, .)

.bss            0x0000000000800060       0x16
                0x0000000000800060                PROVIDE (__bss_start, .)
 *(.bss)
 .bss           0x0000000000800060        0x0 /usr/lib/gcc/avr/4.8.1/../../../avr/lib/avr5/crtm32.o
 .bss           0x0000000000800060        0x0 ./longdelay.o
 .bss           0x0000000000800060        0x0 ./main.o
 .bss           0x0000000000800060        0x0 /usr/lib/gcc/avr/4.8.1/avr5/libgcc.a(_exit.o)
 .bss           0x0000000000800060        0x0 /usr/lib/gcc/avr/4.8.1/avr5/libgcc.a(_clear_bss.o)
 .bss           0x0000000000800060        0x0 /usr/lib/gcc/avr/4.8.1/../../../avr/lib/avr5/libm.a(addsf3.o)
 .bss           0x0000000000800060        0x0 /usr/lib/gcc/avr/4.8.1/../../../avr/lib/avr5/libm.a(addsf3x.o)
 .bss           0x0000000000800060        0x0 /usr/lib/gcc/avr/4.8.1/../../../avr/lib/avr5/libm.a(divsf3.o)
 .bss           0x0000000000800060        0x0 /usr/lib/gcc/avr/4.8.1/../../../avr/lib/avr5/libm.a(divsf3x.o)
 .bss           0x0000000000800060        0x0 /usr/lib/gcc/avr/4.8.1/../../../avr/lib/avr5/libm.a(fixsfsi.o)
 .bss           0x0000000000800060        0x0 /usr/lib/gcc/avr/4.8.1/../../../avr/lib/avr5/libm.a(fixunssfsi.o)
 .bss           0x0000000000800060        0x0 /usr/lib/gcc/avr/4.8.1/../../../avr/lib/avr5/libm.a(floatsisf.o)
 .bss           0x0000000000800060        0x0 /usr/lib/gcc/avr/4.8.1/../../../avr/lib/avr5/libm.a(fp_inf.o)
 .bss           0x0000000000800060        0x0 /usr/lib/gcc/avr/4.8.1/../../../avr/lib/avr5/libm.a(fp_nan.o)
 .bss           0x0000000000800060        0x0 /usr/lib/gcc/avr/4.8.1/../../../avr/lib/avr5/libm.a(fp_pscA.o)
 .bss           0x0000000000800060        0x0 /usr/lib/gcc/avr/4.8.1/../../../avr/lib/avr5/libm.a(fp_pscB.o)
 .bss           0x0000000000800060        0x0 /usr/lib/gcc/avr/4.8.1/../../../avr/lib/avr5/libm.a(fp_round.o)
 .bss           0x0000000000800060        0x0 /usr/lib/gcc/avr/4.8.1/../../../avr/lib/avr5/libm.a(fp_split3.o)
 .bss           0x0000000000800060        0x0 /usr/lib/gcc/avr/4.8.1/../../../avr/lib/avr5/libm.a(fp_zero.o)
 .bss           0x0000000000800060        0x0 /usr/lib/gcc/avr/4.8.1/../../../avr/lib/avr5/libm.a(mulsf3.o)
 .bss           0x0000000000800060        0x0 /usr/lib/gcc/avr/4.8.1/../../../avr/lib/avr5/libm.a(mulsf3x.o)
 .bss           0x0000000000800060        0x0 /usr/lib/gcc/avr/4.8.1/../../../avr/lib/avr5/libc.a(atoi.o)
 .bss           0x0000000000800060        0x0 /usr/lib/gcc/avr/4.8.1/../../../avr/lib/avr5/libc.a(mul10.o)
 *(.bss*)
 .bss.i         0x0000000000800060        0x2 ./main.o
                0x0000000000800060                i
 *(COMMON)
 COMMON         0x0000000000800062       0x14 ./main.o
                0x0000000000800062                bufor
                0x0000000000800076                PROVIDE (__bss_end, .)
                0x000000000000064c                __data_load_start = LOADADDR (.data)
                0x000000000000064c                __data_load_end = (__data_load_start + SIZEOF (.data))

.noinit         0x0000000000800076        0x0
                0x0000000000800076                PROVIDE (__noinit_start, .)
 *(.noinit*)
                0x0000000000800076                PROVIDE (__noinit_end, .)
                0x0000000000800076                _end = .
                0x0000000000800076                PROVIDE (__heap_start, .)

.eeprom         0x0000000000810000        0x0
 *(.eeprom*)
                0x0000000000810000                __eeprom_end = .

.fuse
 *(.fuse)
 *(.lfuse)
 *(.hfuse)
 *(.efuse)

.lock
 *(.lock*)

.signature
 *(.signature*)

.user_signatures
 *(.user_signatures*)

.stab
 *(.stab)

.stabstr
 *(.stabstr)

.stab.excl
 *(.stab.excl)

.stab.exclstr
 *(.stab.exclstr)

.stab.index
 *(.stab.index)

.stab.indexstr
 *(.stab.indexstr)

.comment        0x0000000000000000       0x11
 *(.comment)
 .comment       0x0000000000000000       0x11 ./longdelay.o
                                         0x12 (size before relaxing)
 .comment       0x0000000000000000       0x12 ./main.o

.note.gnu.build-id
 *(.note.gnu.build-id)

.debug
 *(.debug)

.line
 *(.line)

.debug_srcinfo
 *(.debug_srcinfo)

.debug_sfnames
 *(.debug_sfnames)

.debug_aranges
 *(.debug_aranges)

.debug_pubnames
 *(.debug_pubnames)

.debug_info
 *(.debug_info .gnu.linkonce.wi.*)

.debug_abbrev
 *(.debug_abbrev)

.debug_line
 *(.debug_line .debug_line.* .debug_line_end)

.debug_frame
 *(.debug_frame)

.debug_str
 *(.debug_str)

.debug_loc
 *(.debug_loc)

.debug_macinfo
 *(.debug_macinfo)

.debug_weaknames
 *(.debug_weaknames)

.debug_funcnames
 *(.debug_funcnames)

.debug_typenames
 *(.debug_typenames)

.debug_varnames
 *(.debug_varnames)

.debug_pubtypes
 *(.debug_pubtypes)

.debug_ranges
 *(.debug_ranges)

.debug_macro
 *(.debug_macro)
OUTPUT(lab7.elf elf32-avr)
LOAD linker stubs
